// Jest Snapshot v1, https://goo.gl/fbAQLP

exports[`<Header /> should render a div 1`] = `
<div>
  <a
    class="A-br8h0y-0 A-p44m4v-0 cYguYL"
    href="https://dminc.com/"
  >
    <img
      alt="DMI Connect - Banner"
      class="Img-sc-9pa8on-0 fOSsKo"
      src="IMAGE_MOCK"
    />
  </a>
  <div
    class="NavBar-sc-3b48xb-0 ioQxlc"
  >
    <a
      class="HeaderLink-sc-1mtyaiv-0 jMraOU"
      href="/"
    >
      <span>
        Current Messages
      </span>
    </a>
    <a
      class="HeaderLink-sc-1mtyaiv-0 jMraOU"
      href="/addMessage"
    >
      <span>
        Add a message
      </span>
    </a>
  </div>
</div>
`;
